// Vitest Snapshot v1, https://vitest.dev/guide/snapshot.html

exports[`Компонент TheOAuth > структура соответствует снимку 1`] = `
{
  "baseElement": <body>
    <div>
      <div
        class="space-y-3"
      >
        <button
          class="flex h-10 w-full cursor-pointer items-center justify-center rounded-md bg-blue-700 text-2xl font-bold text-gray-200 dark:bg-blue-100 dark:text-gray-700"
          type="button"
        >
          <span
            class="mr-2 h-8 w-8"
          >
            <img
              src="/icons/google.svg"
            />
          </span>
           Войти через Google
        </button>
        <button
          class="flex h-10 w-full cursor-pointer items-center justify-center rounded-md bg-blue-700 text-2xl font-bold text-gray-200 dark:bg-blue-100 dark:text-gray-700"
          type="button"
        >
          <span
            class="mr-2 h-8 w-8"
          >
            <img
              src="/icons/facebook.svg"
            />
          </span>
           Войти через Facebook
        </button>
        <button
          class="flex h-10 w-full cursor-pointer items-center justify-center rounded-md bg-blue-700 text-2xl font-bold text-gray-200 dark:bg-blue-100 dark:text-gray-700"
          type="button"
        >
          <span
            class="mr-2 h-8 w-8"
          >
            <img
              src="/icons/apple-white.svg"
            />
          </span>
           Войти через Apple
        </button>
      </div>
    </div>
  </body>,
  "container": <div>
    <div
      class="space-y-3"
    >
      <button
        class="flex h-10 w-full cursor-pointer items-center justify-center rounded-md bg-blue-700 text-2xl font-bold text-gray-200 dark:bg-blue-100 dark:text-gray-700"
        type="button"
      >
        <span
          class="mr-2 h-8 w-8"
        >
          <img
            src="/icons/google.svg"
          />
        </span>
         Войти через Google
      </button>
      <button
        class="flex h-10 w-full cursor-pointer items-center justify-center rounded-md bg-blue-700 text-2xl font-bold text-gray-200 dark:bg-blue-100 dark:text-gray-700"
        type="button"
      >
        <span
          class="mr-2 h-8 w-8"
        >
          <img
            src="/icons/facebook.svg"
          />
        </span>
         Войти через Facebook
      </button>
      <button
        class="flex h-10 w-full cursor-pointer items-center justify-center rounded-md bg-blue-700 text-2xl font-bold text-gray-200 dark:bg-blue-100 dark:text-gray-700"
        type="button"
      >
        <span
          class="mr-2 h-8 w-8"
        >
          <img
            src="/icons/apple-white.svg"
          />
        </span>
         Войти через Apple
      </button>
    </div>
  </div>,
  "debug": [Function],
  "emitted": [Function],
  "findAllByAltText": [Function],
  "findAllByDisplayValue": [Function],
  "findAllByLabelText": [Function],
  "findAllByPlaceholderText": [Function],
  "findAllByRole": [Function],
  "findAllByTestId": [Function],
  "findAllByText": [Function],
  "findAllByTitle": [Function],
  "findByAltText": [Function],
  "findByDisplayValue": [Function],
  "findByLabelText": [Function],
  "findByPlaceholderText": [Function],
  "findByRole": [Function],
  "findByTestId": [Function],
  "findByText": [Function],
  "findByTitle": [Function],
  "getAllByAltText": [Function],
  "getAllByDisplayValue": [Function],
  "getAllByLabelText": [Function],
  "getAllByPlaceholderText": [Function],
  "getAllByRole": [Function],
  "getAllByTestId": [Function],
  "getAllByText": [Function],
  "getAllByTitle": [Function],
  "getByAltText": [Function],
  "getByDisplayValue": [Function],
  "getByLabelText": [Function],
  "getByPlaceholderText": [Function],
  "getByRole": [Function],
  "getByTestId": [Function],
  "getByText": [Function],
  "getByTitle": [Function],
  "html": [Function],
  "queryAllByAltText": [Function],
  "queryAllByDisplayValue": [Function],
  "queryAllByLabelText": [Function],
  "queryAllByPlaceholderText": [Function],
  "queryAllByRole": [Function],
  "queryAllByTestId": [Function],
  "queryAllByText": [Function],
  "queryAllByTitle": [Function],
  "queryByAltText": [Function],
  "queryByDisplayValue": [Function],
  "queryByLabelText": [Function],
  "queryByPlaceholderText": [Function],
  "queryByRole": [Function],
  "queryByTestId": [Function],
  "queryByText": [Function],
  "queryByTitle": [Function],
  "rerender": [Function],
  "unmount": [Function],
}
`;
