// Vitest Snapshot v1, https://vitest.dev/guide/snapshot.html

exports[`Компонент BaseInput > структура соответствует снимку 1`] = `
{
  "baseElement": <body>
    <div>
      <div
        class="flex flex-col space-y-2"
      >
        <div
          class="h-6"
        >
          <transition-stub
            appear="false"
            css="true"
            enteractiveclass="transition linear duration-700"
            enterfromclass="opacity-0"
            leaveactiveclass="transition linear duration-700"
            leavetoclass="opacity-0"
            persisted="false"
          >
            <!--v-if-->
          </transition-stub>
        </div>
        <div
          class="relative"
        >
          <input
            autocomplete="password"
            class="outline-solid h-10 w-full rounded text-2xl shadow-[inset_1px_1px_2px_rgba(0,0,0,0.5)] outline-blue-700 dark:bg-gray-200 px-10"
            id="field"
            name="field"
            placeholder="Поле"
            type="text"
          />
          <!-- Иконка слева -->
          <div
            class="absolute bottom-0 left-0 top-0 flex p-2"
          >
            <img
              src="icons/key"
            />
          </div>
          <!-- Иконка справа -->
          <transition-stub
            appear="false"
            css="true"
            enteractiveclass="transition linear duration-700"
            enterfromclass="opacity-0"
            leaveactiveclass="transition linear duration-700"
            leavetoclass="opacity-0"
            persisted="false"
          >
            <!--v-if-->
          </transition-stub>
        </div>
      </div>
    </div>
  </body>,
  "container": <div>
    <div
      class="flex flex-col space-y-2"
    >
      <div
        class="h-6"
      >
        <transition-stub
          appear="false"
          css="true"
          enteractiveclass="transition linear duration-700"
          enterfromclass="opacity-0"
          leaveactiveclass="transition linear duration-700"
          leavetoclass="opacity-0"
          persisted="false"
        >
          <!--v-if-->
        </transition-stub>
      </div>
      <div
        class="relative"
      >
        <input
          autocomplete="password"
          class="outline-solid h-10 w-full rounded text-2xl shadow-[inset_1px_1px_2px_rgba(0,0,0,0.5)] outline-blue-700 dark:bg-gray-200 px-10"
          id="field"
          name="field"
          placeholder="Поле"
          type="text"
        />
        <!-- Иконка слева -->
        <div
          class="absolute bottom-0 left-0 top-0 flex p-2"
        >
          <img
            src="icons/key"
          />
        </div>
        <!-- Иконка справа -->
        <transition-stub
          appear="false"
          css="true"
          enteractiveclass="transition linear duration-700"
          enterfromclass="opacity-0"
          leaveactiveclass="transition linear duration-700"
          leavetoclass="opacity-0"
          persisted="false"
        >
          <!--v-if-->
        </transition-stub>
      </div>
    </div>
  </div>,
  "debug": [Function],
  "emitted": [Function],
  "findAllByAltText": [Function],
  "findAllByDisplayValue": [Function],
  "findAllByLabelText": [Function],
  "findAllByPlaceholderText": [Function],
  "findAllByRole": [Function],
  "findAllByTestId": [Function],
  "findAllByText": [Function],
  "findAllByTitle": [Function],
  "findByAltText": [Function],
  "findByDisplayValue": [Function],
  "findByLabelText": [Function],
  "findByPlaceholderText": [Function],
  "findByRole": [Function],
  "findByTestId": [Function],
  "findByText": [Function],
  "findByTitle": [Function],
  "getAllByAltText": [Function],
  "getAllByDisplayValue": [Function],
  "getAllByLabelText": [Function],
  "getAllByPlaceholderText": [Function],
  "getAllByRole": [Function],
  "getAllByTestId": [Function],
  "getAllByText": [Function],
  "getAllByTitle": [Function],
  "getByAltText": [Function],
  "getByDisplayValue": [Function],
  "getByLabelText": [Function],
  "getByPlaceholderText": [Function],
  "getByRole": [Function],
  "getByTestId": [Function],
  "getByText": [Function],
  "getByTitle": [Function],
  "html": [Function],
  "queryAllByAltText": [Function],
  "queryAllByDisplayValue": [Function],
  "queryAllByLabelText": [Function],
  "queryAllByPlaceholderText": [Function],
  "queryAllByRole": [Function],
  "queryAllByTestId": [Function],
  "queryAllByText": [Function],
  "queryAllByTitle": [Function],
  "queryByAltText": [Function],
  "queryByDisplayValue": [Function],
  "queryByLabelText": [Function],
  "queryByPlaceholderText": [Function],
  "queryByRole": [Function],
  "queryByTestId": [Function],
  "queryByText": [Function],
  "queryByTitle": [Function],
  "rerender": [Function],
  "unmount": [Function],
}
`;
